* Microsoft COBOL Version 4.5        L2.4 revision 002 23-Mar-25 12:41 Page   1
*                                       EX02.CBL
* Options: LIST(EX02.LST) ASMLIST(EX02.GRP)
     1 IDENTIFICATION DIVISION.
     2 PROGRAM-ID.    EX02.
     3 AUTHOR.        LEVI LIMA BELTRAO.
     4 DATE-WRITTEN.  23/03/2025.
     5 DATE-COMPILED. 23-Mar-25 12:41.
     6*REMARKS        LE OS REGISTROS NO ARQUIVO
     7*               CADALU(NUMERO,NOME,SEXO,
     8*               DATA NASCIMENTO) E GRAVA EM
     9*               CADATU(NUMERO,NOME,DATA NASCIMENTO).
    10
    11 ENVIRONMENT DIVISION.
    12 CONFIGURATION SECTION.
    13 SOURCE-COMPUTER.  LEVI-PC.
    14 OBJECT-COMPUTER.  LEVI-PC.
    15 SPECIAL-NAMES.    DECIMAL-POINT IS COMMA.
    16
    17 INPUT-OUTPUT SECTION.
    18 FILE-CONTROL.
    19     SELECT CADALU ASSIGN TO DISK
    20     ORGANIZATION IS LINE SEQUENTIAL.
    21     SELECT CADATU ASSIGN TO DISK
    22     ORGANIZATION IS LINE SEQUENTIAL.
    23
    24 DATA DIVISION.
    25 FILE SECTION.
    26 FD CADALU
    27     LABEL RECORD ARE STANDARD
    28     VALUE OF FILE-ID IS "CADALU.DAT".
    29
    30 01 REG-ENT.
    31     02 NUM-ENT     PIC 9(05).
    32     02 NOME-ENT    PIC X(20).
    33     02 SEXO-ENT    PIC X(01).
    34     02 DATA-ENT.
    35         03 DIA-ENT PIC 9(02).
    36         03 MES-ENT PIC 9(02).
    37         03 ANO-ENT PIC 9(04).
    38
    39 FD CADATU
    40     LABEL RECORD ARE STANDARD
    41     VALUE OF FILE-ID IS "CADATU.DAT".
    42
    43 01 REG-SAI.
    44     02 NUM-SAI     PIC 9(05).
    45     02 NOME-SAI    PIC X(20).
    46     02 DATA-SAI.
    47         03 DIA-SAI PIC 9(02).
    48         03 MES-SAI PIC 9(02).
    49         03 ANO-SAI PIC 9(04).
    50
    51 WORKING-STORAGE SECTION.
    52 77 FIM-ARQ PIC X(03) VALUE "NAO".
    53
    54 PROCEDURE DIVISION.
    55 EXFIX.
    56
    57 PERFORM INICIO.
* Microsoft COBOL Version 4.5        L2.4 revision 002 23-Mar-25 12:41 Page   2
*                                       EX02.CBL
    58 PERFORM PRINCIPAL
    59     UNTIL FIM-ARQ EQUAL "SIM".
    60 PERFORM TERMINO.
    61 STOP RUN.
    62
    63 INICIO.
    64     OPEN INPUT CADALU
    65         OUTPUT CADATU.
    66     PERFORM LEITURA.
    67
    68 LEITURA.
    69     READ CADALU
    70         AT END
    71         MOVE "SIM" TO FIM-ARQ.
    72 PRINCIPAL.
    73     PERFORM GRAVACAO.
    74     PERFORM LEITURA.
    75
    76 GRAVACAO.
    77     MOVE NUM-ENT TO NUM-SAI.
    78     MOVE NOME-ENT TO NOME-SAI.
    79     MOVE DATA-ENT TO DATA-SAI.
    80     WRITE REG-SAI.
    81
    82 TERMINO.
    83     CLOSE CADALU
    84           CADATU.
* Microsoft COBOL Version 4.5        L2.4 revision 002
* (C)Copyright Microsoft Corp 1984, 1991       URN AXUPA/MS0/000000
*                                              REF GNB-024050002A7
*
* Total Messages:     0
* Data:        1032     Code:         320     Dictionary:        1274
